Copyright 1986-2022 Xilinx, Inc. All Rights Reserved. Copyright 2022-2025 Advanced Micro Devices, Inc. All Rights Reserved.
---------------------------------------------------------------------------------------------------------------------------------------------------------------------------------------------------------------------------------------------
| Tool Version : Vivado v.2025.2 (win64) Build 6299465 Fri Nov 14 19:35:11 GMT 2025
| Date         : Sat Mar  7 19:26:44 2026
| Host         : Shipra running 64-bit major release  (build 9200)
| Command      : report_timing_summary -max_paths 10 -routable_nets -report_unconstrained -file minimum_alu_timing_summary_routed.rpt -pb minimum_alu_timing_summary_routed.pb -rpx minimum_alu_timing_summary_routed.rpx -warn_on_violation
| Design       : minimum_alu
| Device       : 7a35t-cpg236
| Speed File   : -1  PRODUCTION 1.23 2018-06-13
| Design State : Routed
---------------------------------------------------------------------------------------------------------------------------------------------------------------------------------------------------------------------------------------------

Timing Summary Report

------------------------------------------------------------------------------------------------
| Timer Settings
| --------------
------------------------------------------------------------------------------------------------

  Enable Multi Corner Analysis               :  Yes
  Enable Pessimism Removal                   :  Yes
  Pessimism Removal Resolution               :  Nearest Common Node
  Enable Input Delay Default Clock           :  No
  Enable Preset / Clear Arcs                 :  No
  Disable Flight Delays                      :  No
  Ignore I/O Paths                           :  No
  Timing Early Launch at Borrowing Latches   :  No
  Borrow Time for Max Delay Exceptions       :  Yes
  Merge Timing Exceptions                    :  Yes
  Inter-SLR Compensation                     :  Conservative

  Corner  Analyze    Analyze    
  Name    Max Paths  Min Paths  
  ------  ---------  ---------  
  Slow    Yes        Yes        
  Fast    Yes        Yes        


------------------------------------------------------------------------------------------------
| Report Methodology
| ------------------
------------------------------------------------------------------------------------------------

No report available as report_methodology has not been run prior. Run report_methodology on the current design for the summary of methodology violations.



check_timing report

Table of Contents
-----------------
1. checking no_clock (0)
2. checking constant_clock (0)
3. checking pulse_width_clock (0)
4. checking unconstrained_internal_endpoints (0)
5. checking no_input_delay (0)
6. checking no_output_delay (0)
7. checking multiple_clock (0)
8. checking generated_clocks (0)
9. checking loops (0)
10. checking partial_input_delay (0)
11. checking partial_output_delay (0)
12. checking latch_loops (0)

1. checking no_clock (0)
------------------------
 There are 0 register/latch pins with no clock.


2. checking constant_clock (0)
------------------------------
 There are 0 register/latch pins with constant_clock.


3. checking pulse_width_clock (0)
---------------------------------
 There are 0 register/latch pins which need pulse_width check


4. checking unconstrained_internal_endpoints (0)
------------------------------------------------
 There are 0 pins that are not constrained for maximum delay.

 There are 0 pins that are not constrained for maximum delay due to constant clock.


5. checking no_input_delay (0)
------------------------------
 There are 0 input ports with no input delay specified.

 There are 0 input ports with no input delay but user has a false path constraint.


6. checking no_output_delay (0)
-------------------------------
 There are 0 ports with no output delay specified.

 There are 0 ports with no output delay but user has a false path constraint

 There are 0 ports with no output delay but with a timing clock defined on it or propagating through it


7. checking multiple_clock (0)
------------------------------
 There are 0 register/latch pins with multiple clocks.


8. checking generated_clocks (0)
--------------------------------
 There are 0 generated clocks that are not connected to a clock source.


9. checking loops (0)
---------------------
 There are 0 combinational loops in the design.


10. checking partial_input_delay (0)
------------------------------------
 There are 0 input ports with partial input delay specified.


11. checking partial_output_delay (0)
-------------------------------------
 There are 0 ports with partial output delay specified.


12. checking latch_loops (0)
----------------------------
 There are 0 combinational latch loops in the design through latch input



------------------------------------------------------------------------------------------------
| Design Timing Summary
| ---------------------
------------------------------------------------------------------------------------------------

    WNS(ns)      TNS(ns)  TNS Failing Endpoints  TNS Total Endpoints      WHS(ns)      THS(ns)  THS Failing Endpoints  THS Total Endpoints     WPWS(ns)     TPWS(ns)  TPWS Failing Endpoints  TPWS Total Endpoints  
    -------      -------  ---------------------  -------------------      -------      -------  ---------------------  -------------------     --------     --------  ----------------------  --------------------  
        inf        0.000                      0                    6          inf        0.000                      0                    6           NA           NA                      NA                    NA  


There are no user specified timing constraints.


------------------------------------------------------------------------------------------------
| Clock Summary
| -------------
------------------------------------------------------------------------------------------------


------------------------------------------------------------------------------------------------
| Intra Clock Table
| -----------------
------------------------------------------------------------------------------------------------

Clock             WNS(ns)      TNS(ns)  TNS Failing Endpoints  TNS Total Endpoints      WHS(ns)      THS(ns)  THS Failing Endpoints  THS Total Endpoints     WPWS(ns)     TPWS(ns)  TPWS Failing Endpoints  TPWS Total Endpoints  
-----             -------      -------  ---------------------  -------------------      -------      -------  ---------------------  -------------------     --------     --------  ----------------------  --------------------  


------------------------------------------------------------------------------------------------
| Inter Clock Table
| -----------------
------------------------------------------------------------------------------------------------

From Clock    To Clock          WNS(ns)      TNS(ns)  TNS Failing Endpoints  TNS Total Endpoints      WHS(ns)      THS(ns)  THS Failing Endpoints  THS Total Endpoints  
----------    --------          -------      -------  ---------------------  -------------------      -------      -------  ---------------------  -------------------  


------------------------------------------------------------------------------------------------
| Other Path Groups Table
| -----------------------
------------------------------------------------------------------------------------------------

Path Group    From Clock    To Clock          WNS(ns)      TNS(ns)  TNS Failing Endpoints  TNS Total Endpoints      WHS(ns)      THS(ns)  THS Failing Endpoints  THS Total Endpoints  
----------    ----------    --------          -------      -------  ---------------------  -------------------      -------      -------  ---------------------  -------------------  


------------------------------------------------------------------------------------------------
| User Ignored Path Table
| -----------------------
------------------------------------------------------------------------------------------------

Path Group    From Clock    To Clock    
----------    ----------    --------    


------------------------------------------------------------------------------------------------
| Unconstrained Path Table
| ------------------------
------------------------------------------------------------------------------------------------

Path Group    From Clock    To Clock    
----------    ----------    --------    
(none)                                    


------------------------------------------------------------------------------------------------
| Timing Details
| --------------
------------------------------------------------------------------------------------------------


--------------------------------------------------------------------------------------
Path Group:  (none)
From Clock:  
  To Clock:  

Max Delay             6 Endpoints
Min Delay             6 Endpoints
--------------------------------------------------------------------------------------


Max Delay Paths
--------------------------------------------------------------------------------------
Slack:                    inf
  Source:                 fxn[1]
                            (input port)
  Destination:            X[5]
                            (output port)
  Path Group:             (none)
  Path Type:              Max at Slow Process Corner
  Data Path Delay:        13.647ns  (logic 5.463ns (40.034%)  route 8.183ns (59.966%))
  Logic Levels:           6  (IBUF=1 LUT5=1 LUT6=3 OBUF=1)

    Location             Delay type                Incr(ns)  Path(ns)    Netlist Resource(s)
  -------------------------------------------------------------------    -------------------
    U1                                                0.000     0.000 r  fxn[1] (IN)
                         net (fo=0)                   0.000     0.000    fxn[1]
    U1                   IBUF (Prop_ibuf_I_O)         1.453     1.453 r  fxn_IBUF[1]_inst/O
                         net (fo=14, routed)          4.283     5.736    fxn_IBUF[1]
    SLICE_X0Y14          LUT5 (Prop_lut5_I2_O)        0.124     5.860 f  X_OBUF[1]_inst_i_2/O
                         net (fo=3, routed)           1.010     6.870    X_OBUF[1]_inst_i_2_n_0
    SLICE_X1Y13          LUT6 (Prop_lut6_I1_O)        0.124     6.994 r  X_OBUF[3]_inst_i_2/O
                         net (fo=3, routed)           0.161     7.155    X_OBUF[3]_inst_i_2_n_0
    SLICE_X1Y13          LUT6 (Prop_lut6_I3_O)        0.124     7.279 r  X_OBUF[5]_inst_i_2/O
                         net (fo=1, routed)           0.664     7.943    X_OBUF[5]_inst_i_2_n_0
    SLICE_X0Y13          LUT6 (Prop_lut6_I0_O)        0.124     8.067 r  X_OBUF[5]_inst_i_1/O
                         net (fo=1, routed)           2.066    10.132    X_OBUF[5]
    U15                  OBUF (Prop_obuf_I_O)         3.514    13.647 r  X_OBUF[5]_inst/O
                         net (fo=0)                   0.000    13.647    X[5]
    U15                                                               r  X[5] (OUT)
  -------------------------------------------------------------------    -------------------

Slack:                    inf
  Source:                 fxn[1]
                            (input port)
  Destination:            X[3]
                            (output port)
  Path Group:             (none)
  Path Type:              Max at Slow Process Corner
  Data Path Delay:        13.084ns  (logic 5.334ns (40.766%)  route 7.750ns (59.234%))
  Logic Levels:           5  (IBUF=1 LUT5=1 LUT6=2 OBUF=1)

    Location             Delay type                Incr(ns)  Path(ns)    Netlist Resource(s)
  -------------------------------------------------------------------    -------------------
    U1                                                0.000     0.000 r  fxn[1] (IN)
                         net (fo=0)                   0.000     0.000    fxn[1]
    U1                   IBUF (Prop_ibuf_I_O)         1.453     1.453 r  fxn_IBUF[1]_inst/O
                         net (fo=14, routed)          4.283     5.736    fxn_IBUF[1]
    SLICE_X0Y14          LUT5 (Prop_lut5_I2_O)        0.124     5.860 f  X_OBUF[1]_inst_i_2/O
                         net (fo=3, routed)           1.010     6.870    X_OBUF[1]_inst_i_2_n_0
    SLICE_X1Y13          LUT6 (Prop_lut6_I1_O)        0.124     6.994 r  X_OBUF[3]_inst_i_2/O
                         net (fo=3, routed)           0.595     7.589    X_OBUF[3]_inst_i_2_n_0
    SLICE_X1Y14          LUT6 (Prop_lut6_I0_O)        0.124     7.713 r  X_OBUF[3]_inst_i_1/O
                         net (fo=1, routed)           1.862     9.575    X_OBUF[3]
    V19                  OBUF (Prop_obuf_I_O)         3.509    13.084 r  X_OBUF[3]_inst/O
                         net (fo=0)                   0.000    13.084    X[3]
    V19                                                               r  X[3] (OUT)
  -------------------------------------------------------------------    -------------------

Slack:                    inf
  Source:                 fxn[1]
                            (input port)
  Destination:            X[4]
                            (output port)
  Path Group:             (none)
  Path Type:              Max at Slow Process Corner
  Data Path Delay:        13.076ns  (logic 5.457ns (41.736%)  route 7.619ns (58.264%))
  Logic Levels:           6  (IBUF=1 LUT5=1 LUT6=3 OBUF=1)

    Location             Delay type                Incr(ns)  Path(ns)    Netlist Resource(s)
  -------------------------------------------------------------------    -------------------
    U1                                                0.000     0.000 r  fxn[1] (IN)
                         net (fo=0)                   0.000     0.000    fxn[1]
    U1                   IBUF (Prop_ibuf_I_O)         1.453     1.453 r  fxn_IBUF[1]_inst/O
                         net (fo=14, routed)          4.283     5.736    fxn_IBUF[1]
    SLICE_X0Y14          LUT5 (Prop_lut5_I2_O)        0.124     5.860 f  X_OBUF[1]_inst_i_2/O
                         net (fo=3, routed)           1.010     6.870    X_OBUF[1]_inst_i_2_n_0
    SLICE_X1Y13          LUT6 (Prop_lut6_I1_O)        0.124     6.994 r  X_OBUF[3]_inst_i_2/O
                         net (fo=3, routed)           0.311     7.305    X_OBUF[3]_inst_i_2_n_0
    SLICE_X1Y14          LUT6 (Prop_lut6_I5_O)        0.124     7.429 r  X_OBUF[4]_inst_i_2/O
                         net (fo=1, routed)           0.151     7.581    X_OBUF[4]_inst_i_2_n_0
    SLICE_X1Y14          LUT6 (Prop_lut6_I0_O)        0.124     7.705 r  X_OBUF[4]_inst_i_1/O
                         net (fo=1, routed)           1.863     9.568    X_OBUF[4]
    W18                  OBUF (Prop_obuf_I_O)         3.509    13.076 r  X_OBUF[4]_inst/O
                         net (fo=0)                   0.000    13.076    X[4]
    W18                                                               r  X[4] (OUT)
  -------------------------------------------------------------------    -------------------

Slack:                    inf
  Source:                 B[3]
                            (input port)
  Destination:            X[0]
                            (output port)
  Path Group:             (none)
  Path Type:              Max at Slow Process Corner
  Data Path Delay:        12.841ns  (logic 5.453ns (42.466%)  route 7.388ns (57.534%))
  Logic Levels:           6  (IBUF=1 LUT4=1 LUT6=3 OBUF=1)

    Location             Delay type                Incr(ns)  Path(ns)    Netlist Resource(s)
  -------------------------------------------------------------------    -------------------
    T3                                                0.000     0.000 r  B[3] (IN)
                         net (fo=0)                   0.000     0.000    B[3]
    T3                   IBUF (Prop_ibuf_I_O)         1.452     1.452 r  B_IBUF[3]_inst/O
                         net (fo=5, routed)           3.899     5.352    B_IBUF[3]
    SLICE_X0Y14          LUT4 (Prop_lut4_I0_O)        0.124     5.476 f  X_OBUF[0]_inst_i_5/O
                         net (fo=1, routed)           0.674     6.150    X_OBUF[0]_inst_i_5_n_0
    SLICE_X0Y14          LUT6 (Prop_lut6_I5_O)        0.124     6.274 r  X_OBUF[0]_inst_i_3/O
                         net (fo=1, routed)           0.300     6.573    X_OBUF[0]_inst_i_3_n_0
    SLICE_X0Y13          LUT6 (Prop_lut6_I5_O)        0.124     6.697 r  X_OBUF[0]_inst_i_2/O
                         net (fo=1, routed)           0.444     7.141    X_OBUF[0]_inst_i_2_n_0
    SLICE_X0Y13          LUT6 (Prop_lut6_I0_O)        0.124     7.265 r  X_OBUF[0]_inst_i_1/O
                         net (fo=1, routed)           2.070     9.336    X_OBUF[0]
    U16                  OBUF (Prop_obuf_I_O)         3.505    12.841 r  X_OBUF[0]_inst/O
                         net (fo=0)                   0.000    12.841    X[0]
    U16                                                               r  X[0] (OUT)
  -------------------------------------------------------------------    -------------------

Slack:                    inf
  Source:                 fxn[1]
                            (input port)
  Destination:            X[1]
                            (output port)
  Path Group:             (none)
  Path Type:              Max at Slow Process Corner
  Data Path Delay:        12.118ns  (logic 5.231ns (43.165%)  route 6.887ns (56.835%))
  Logic Levels:           4  (IBUF=1 LUT5=1 LUT6=1 OBUF=1)

    Location             Delay type                Incr(ns)  Path(ns)    Netlist Resource(s)
  -------------------------------------------------------------------    -------------------
    U1                                                0.000     0.000 r  fxn[1] (IN)
                         net (fo=0)                   0.000     0.000    fxn[1]
    U1                   IBUF (Prop_ibuf_I_O)         1.453     1.453 r  fxn_IBUF[1]_inst/O
                         net (fo=14, routed)          4.283     5.736    fxn_IBUF[1]
    SLICE_X0Y14          LUT5 (Prop_lut5_I2_O)        0.124     5.860 r  X_OBUF[1]_inst_i_2/O
                         net (fo=3, routed)           0.324     6.184    X_OBUF[1]_inst_i_2_n_0
    SLICE_X0Y15          LUT6 (Prop_lut6_I0_O)        0.124     6.308 r  X_OBUF[1]_inst_i_1/O
                         net (fo=1, routed)           2.280     8.588    X_OBUF[1]
    E19                  OBUF (Prop_obuf_I_O)         3.530    12.118 r  X_OBUF[1]_inst/O
                         net (fo=0)                   0.000    12.118    X[1]
    E19                                                               r  X[1] (OUT)
  -------------------------------------------------------------------    -------------------

Slack:                    inf
  Source:                 fxn[1]
                            (input port)
  Destination:            X[2]
                            (output port)
  Path Group:             (none)
  Path Type:              Max at Slow Process Corner
  Data Path Delay:        12.091ns  (logic 5.326ns (44.047%)  route 6.765ns (55.953%))
  Logic Levels:           5  (IBUF=1 LUT5=1 LUT6=2 OBUF=1)

    Location             Delay type                Incr(ns)  Path(ns)    Netlist Resource(s)
  -------------------------------------------------------------------    -------------------
    U1                                                0.000     0.000 r  fxn[1] (IN)
                         net (fo=0)                   0.000     0.000    fxn[1]
    U1                   IBUF (Prop_ibuf_I_O)         1.453     1.453 r  fxn_IBUF[1]_inst/O
                         net (fo=14, routed)          4.283     5.736    fxn_IBUF[1]
    SLICE_X0Y14          LUT5 (Prop_lut5_I2_O)        0.124     5.860 r  X_OBUF[1]_inst_i_2/O
                         net (fo=3, routed)           0.600     6.460    X_OBUF[1]_inst_i_2_n_0
    SLICE_X0Y15          LUT6 (Prop_lut6_I5_O)        0.124     6.584 r  X_OBUF[2]_inst_i_2/O
                         net (fo=1, routed)           0.159     6.743    X_OBUF[2]_inst_i_2_n_0
    SLICE_X0Y15          LUT6 (Prop_lut6_I0_O)        0.124     6.867 r  X_OBUF[2]_inst_i_1/O
                         net (fo=1, routed)           1.723     8.590    X_OBUF[2]
    U19                  OBUF (Prop_obuf_I_O)         3.501    12.091 r  X_OBUF[2]_inst/O
                         net (fo=0)                   0.000    12.091    X[2]
    U19                                                               r  X[2] (OUT)
  -------------------------------------------------------------------    -------------------





Min Delay Paths
--------------------------------------------------------------------------------------
Slack:                    inf
  Source:                 A[4]
                            (input port)
  Destination:            X[4]
                            (output port)
  Path Group:             (none)
  Path Type:              Min at Fast Process Corner
  Data Path Delay:        2.373ns  (logic 1.474ns (62.088%)  route 0.900ns (37.912%))
  Logic Levels:           3  (IBUF=1 LUT6=1 OBUF=1)

    Location             Delay type                Incr(ns)  Path(ns)    Netlist Resource(s)
  -------------------------------------------------------------------    -------------------
    W15                                               0.000     0.000 r  A[4] (IN)
                         net (fo=0)                   0.000     0.000    A[4]
    W15                  IBUF (Prop_ibuf_I_O)         0.219     0.219 r  A_IBUF[4]_inst/O
                         net (fo=4, routed)           0.486     0.704    A_IBUF[4]
    SLICE_X1Y14          LUT6 (Prop_lut6_I3_O)        0.045     0.749 r  X_OBUF[4]_inst_i_1/O
                         net (fo=1, routed)           0.414     1.164    X_OBUF[4]
    W18                  OBUF (Prop_obuf_I_O)         1.210     2.373 r  X_OBUF[4]_inst/O
                         net (fo=0)                   0.000     2.373    X[4]
    W18                                                               r  X[4] (OUT)
  -------------------------------------------------------------------    -------------------

Slack:                    inf
  Source:                 A[0]
                            (input port)
  Destination:            X[0]
                            (output port)
  Path Group:             (none)
  Path Type:              Min at Fast Process Corner
  Data Path Delay:        2.450ns  (logic 1.472ns (60.079%)  route 0.978ns (39.921%))
  Logic Levels:           3  (IBUF=1 LUT6=1 OBUF=1)

    Location             Delay type                Incr(ns)  Path(ns)    Netlist Resource(s)
  -------------------------------------------------------------------    -------------------
    V17                                               0.000     0.000 r  A[0] (IN)
                         net (fo=0)                   0.000     0.000    A[0]
    V17                  IBUF (Prop_ibuf_I_O)         0.221     0.221 r  A_IBUF[0]_inst/O
                         net (fo=4, routed)           0.487     0.708    A_IBUF[0]
    SLICE_X0Y13          LUT6 (Prop_lut6_I5_O)        0.045     0.753 r  X_OBUF[0]_inst_i_1/O
                         net (fo=1, routed)           0.491     1.244    X_OBUF[0]
    U16                  OBUF (Prop_obuf_I_O)         1.206     2.450 r  X_OBUF[0]_inst/O
                         net (fo=0)                   0.000     2.450    X[0]
    U16                                                               r  X[0] (OUT)
  -------------------------------------------------------------------    -------------------

Slack:                    inf
  Source:                 A[2]
                            (input port)
  Destination:            X[2]
                            (output port)
  Path Group:             (none)
  Path Type:              Min at Fast Process Corner
  Data Path Delay:        2.465ns  (logic 1.479ns (59.996%)  route 0.986ns (40.004%))
  Logic Levels:           3  (IBUF=1 LUT6=1 OBUF=1)

    Location             Delay type                Incr(ns)  Path(ns)    Netlist Resource(s)
  -------------------------------------------------------------------    -------------------
    W16                                               0.000     0.000 r  A[2] (IN)
                         net (fo=0)                   0.000     0.000    A[2]
    W16                  IBUF (Prop_ibuf_I_O)         0.232     0.232 r  A_IBUF[2]_inst/O
                         net (fo=5, routed)           0.636     0.868    A_IBUF[2]
    SLICE_X0Y15          LUT6 (Prop_lut6_I3_O)        0.045     0.913 r  X_OBUF[2]_inst_i_1/O
                         net (fo=1, routed)           0.350     1.263    X_OBUF[2]
    U19                  OBUF (Prop_obuf_I_O)         1.202     2.465 r  X_OBUF[2]_inst/O
                         net (fo=0)                   0.000     2.465    X[2]
    U19                                                               r  X[2] (OUT)
  -------------------------------------------------------------------    -------------------

Slack:                    inf
  Source:                 A[3]
                            (input port)
  Destination:            X[3]
                            (output port)
  Path Group:             (none)
  Path Type:              Min at Fast Process Corner
  Data Path Delay:        2.503ns  (logic 1.472ns (58.806%)  route 1.031ns (41.194%))
  Logic Levels:           3  (IBUF=1 LUT6=1 OBUF=1)

    Location             Delay type                Incr(ns)  Path(ns)    Netlist Resource(s)
  -------------------------------------------------------------------    -------------------
    W17                                               0.000     0.000 r  A[3] (IN)
                         net (fo=0)                   0.000     0.000    A[3]
    W17                  IBUF (Prop_ibuf_I_O)         0.217     0.217 r  A_IBUF[3]_inst/O
                         net (fo=6, routed)           0.631     0.848    A_IBUF[3]
    SLICE_X1Y14          LUT6 (Prop_lut6_I3_O)        0.045     0.893 r  X_OBUF[3]_inst_i_1/O
                         net (fo=1, routed)           0.400     1.293    X_OBUF[3]
    V19                  OBUF (Prop_obuf_I_O)         1.210     2.503 r  X_OBUF[3]_inst/O
                         net (fo=0)                   0.000     2.503    X[3]
    V19                                                               r  X[3] (OUT)
  -------------------------------------------------------------------    -------------------

Slack:                    inf
  Source:                 A[5]
                            (input port)
  Destination:            X[5]
                            (output port)
  Path Group:             (none)
  Path Type:              Min at Fast Process Corner
  Data Path Delay:        2.531ns  (logic 1.495ns (59.055%)  route 1.036ns (40.945%))
  Logic Levels:           3  (IBUF=1 LUT6=1 OBUF=1)

    Location             Delay type                Incr(ns)  Path(ns)    Netlist Resource(s)
  -------------------------------------------------------------------    -------------------
    V15                                               0.000     0.000 r  A[5] (IN)
                         net (fo=0)                   0.000     0.000    A[5]
    V15                  IBUF (Prop_ibuf_I_O)         0.234     0.234 r  A_IBUF[5]_inst/O
                         net (fo=2, routed)           0.550     0.784    A_IBUF[5]
    SLICE_X0Y13          LUT6 (Prop_lut6_I5_O)        0.045     0.829 r  X_OBUF[5]_inst_i_1/O
                         net (fo=1, routed)           0.487     1.315    X_OBUF[5]
    U15                  OBUF (Prop_obuf_I_O)         1.216     2.531 r  X_OBUF[5]_inst/O
                         net (fo=0)                   0.000     2.531    X[5]
    U15                                                               r  X[5] (OUT)
  -------------------------------------------------------------------    -------------------

Slack:                    inf
  Source:                 A[1]
                            (input port)
  Destination:            X[1]
                            (output port)
  Path Group:             (none)
  Path Type:              Min at Fast Process Corner
  Data Path Delay:        2.679ns  (logic 1.505ns (56.182%)  route 1.174ns (43.818%))
  Logic Levels:           3  (IBUF=1 LUT6=1 OBUF=1)

    Location             Delay type                Incr(ns)  Path(ns)    Netlist Resource(s)
  -------------------------------------------------------------------    -------------------
    V16                                               0.000     0.000 r  A[1] (IN)
                         net (fo=0)                   0.000     0.000    A[1]
    V16                  IBUF (Prop_ibuf_I_O)         0.229     0.229 r  A_IBUF[1]_inst/O
                         net (fo=5, routed)           0.600     0.829    A_IBUF[1]
    SLICE_X0Y15          LUT6 (Prop_lut6_I3_O)        0.045     0.874 r  X_OBUF[1]_inst_i_1/O
                         net (fo=1, routed)           0.574     1.448    X_OBUF[1]
    E19                  OBUF (Prop_obuf_I_O)         1.231     2.679 r  X_OBUF[1]_inst/O
                         net (fo=0)                   0.000     2.679    X[1]
    E19                                                               r  X[1] (OUT)
  -------------------------------------------------------------------    -------------------





