Vivado Simulator v2025.2
Copyright 1986-2022 Xilinx, Inc. All Rights Reserved.
Copyright 2022-2025 Advanced Micro Devices, Inc. All Rights Reserved.
Running: C:/AMDDesignTools/2025.2/Vivado/bin/unwrapped/win64.o/xelab.exe --incr --debug typical --relax --mt 2 -L xil_defaultlib -L unisims_ver -L unimacro_ver -L secureip --snapshot tb_6bit_ripple_adder_behav xil_defaultlib.tb_6bit_ripple_adder xil_defaultlib.glbl -log elaborate.log 
Using 2 slave threads.
Starting static elaboration
Pass Through NonSizing Optimizer
Completed static elaboration
Starting simulation data flow analysis
WARNING: [XSIM 43-4099] "C:/Users/shipr/Downloads/Provided code/full_adder.v" Line 1. Module FullAdder doesn't have a timescale but at least one module in design has a timescale.
WARNING: [XSIM 43-4099] "C:/Users/shipr/Downloads/Provided code/full_adder.v" Line 1. Module FullAdder doesn't have a timescale but at least one module in design has a timescale.
WARNING: [XSIM 43-4099] "C:/Users/shipr/Downloads/Provided code/full_adder.v" Line 1. Module FullAdder doesn't have a timescale but at least one module in design has a timescale.
WARNING: [XSIM 43-4099] "C:/Users/shipr/Downloads/Provided code/full_adder.v" Line 1. Module FullAdder doesn't have a timescale but at least one module in design has a timescale.
WARNING: [XSIM 43-4099] "C:/Users/shipr/Downloads/Provided code/full_adder.v" Line 1. Module FullAdder doesn't have a timescale but at least one module in design has a timescale.
WARNING: [XSIM 43-4099] "C:/Users/shipr/Downloads/Provided code/full_adder.v" Line 1. Module FullAdder doesn't have a timescale but at least one module in design has a timescale.
Completed simulation data flow analysis
Time Resolution for simulation is 1ps
Compiling module xil_defaultlib.FullAdder
Compiling module xil_defaultlib.six_bit_ripple_adder
Compiling module xil_defaultlib.tb_6bit_ripple_adder
Compiling module xil_defaultlib.glbl
Built simulation snapshot tb_6bit_ripple_adder_behav
