INFO: [VRFC 10-2263] Analyzing Verilog file "C:/Users/shipr/OneDrive/Desktop/6bit_ripple_adder.v" into library xil_defaultlib
INFO: [VRFC 10-311] analyzing module ripple_adder_6bit
INFO: [VRFC 10-2263] Analyzing Verilog file "C:/Digital System Design/Assign1/Assign1.srcs/sources_1/new/adder_input.v" into library xil_defaultlib
INFO: [VRFC 10-311] analyzing module adder_input
INFO: [VRFC 10-2263] Analyzing Verilog file "C:/Digital System Design/Assign1/Assign1.srcs/sources_1/new/eight_bit.v" into library xil_defaultlib
INFO: [VRFC 10-311] analyzing module gt_8bit
INFO: [VRFC 10-2263] Analyzing Verilog file "C:/Users/shipr/OneDrive/Desktop/LabB-codes/eq1.v" into library xil_defaultlib
INFO: [VRFC 10-311] analyzing module eq1
INFO: [VRFC 10-2263] Analyzing Verilog file "C:/Users/shipr/Downloads/Provided code/full_adder.v" into library xil_defaultlib
INFO: [VRFC 10-311] analyzing module FullAdder
INFO: [VRFC 10-2263] Analyzing Verilog file "C:/Digital System Design/Assign1/Assign1.srcs/sources_1/new/less_than_six_bit.v" into library xil_defaultlib
INFO: [VRFC 10-311] analyzing module less_than_six_bit
INFO: [VRFC 10-2263] Analyzing Verilog file "C:/Digital System Design/Assign1/Assign1.srcs/sources_1/new/minimum_alu.v" into library xil_defaultlib
INFO: [VRFC 10-311] analyzing module minimum_alu
INFO: [VRFC 10-2263] Analyzing Verilog file "C:/Digital System Design/Assign1/Assign1.srcs/sources_1/new/multiplexer_output.v" into library xil_defaultlib
INFO: [VRFC 10-311] analyzing module multiplexer_output
INFO: [VRFC 10-2263] Analyzing Verilog file "C:/Digital System Design/Assign1/Assign1.srcs/sources_1/new/six_bit_xnor.v" into library xil_defaultlib
INFO: [VRFC 10-311] analyzing module six_bit_xnor
INFO: [VRFC 10-2263] Analyzing Verilog file "C:/Digital System Design/Assign1/Assign1.srcs/sources_1/new/two_bit.v" into library xil_defaultlib
INFO: [VRFC 10-311] analyzing module gt2
INFO: [VRFC 10-311] analyzing module eq2
INFO: [VRFC 10-2263] Analyzing Verilog file "C:/Digital System Design/Assign1/Assign1.srcs/sim_1/new/tb_minimum_alu.v" into library xil_defaultlib
INFO: [VRFC 10-311] analyzing module tb_minimum_alu
