Vivado Simulator v2025.2
Copyright 1986-2022 Xilinx, Inc. All Rights Reserved.
Copyright 2022-2025 Advanced Micro Devices, Inc. All Rights Reserved.
Running: C:/AMDDesignTools/2025.2/Vivado/bin/unwrapped/win64.o/xelab.exe --incr --debug typical --relax --mt 2 -L xil_defaultlib -L unisims_ver -L unimacro_ver -L secureip --snapshot tb_minimum_alu_behav xil_defaultlib.tb_minimum_alu xil_defaultlib.glbl -log elaborate.log 
Using 2 slave threads.
Starting static elaboration
Pass Through NonSizing Optimizer
Completed static elaboration
Starting simulation data flow analysis
Completed simulation data flow analysis
Time Resolution for simulation is 1ps
Compiling module xil_defaultlib.adder_input
Compiling module xil_defaultlib.FullAdder
Compiling module xil_defaultlib.ripple_adder_6bit
Compiling module xil_defaultlib.gt2
Compiling module xil_defaultlib.eq2
Compiling module xil_defaultlib.gt_8bit
Compiling module xil_defaultlib.less_than_six_bit
Compiling module xil_defaultlib.six_bit_xnor
Compiling module xil_defaultlib.multiplexer_output
Compiling module xil_defaultlib.minimum_alu
Compiling module xil_defaultlib.tb_minimum_alu
Compiling module xil_defaultlib.glbl
Built simulation snapshot tb_minimum_alu_behav
