Vivado Simulator v2025.2
Copyright 1986-2022 Xilinx, Inc. All Rights Reserved.
Copyright 2022-2025 Advanced Micro Devices, Inc. All Rights Reserved.
Running: C:/AMDDesignTools/2025.2/Vivado/bin/unwrapped/win64.o/xelab.exe --incr --debug typical --relax --mt 2 -L xil_defaultlib -L secureip --snapshot modulator_wrapper_behav xil_defaultlib.modulator_wrapper -log elaborate.log 
Using 2 slave threads.
Starting static elaboration
Completed static elaboration
Starting simulation data flow analysis
Completed simulation data flow analysis
Time Resolution for simulation is 1ps
Compiling package std.standard
Compiling package std.textio
Compiling package ieee.std_logic_1164
Compiling package ieee.std_logic_arith
Compiling package ieee.std_logic_unsigned
Compiling package ieee.numeric_std
Compiling package unisim.vcomponents
Compiling package ieee.math_real
Compiling package xil_defaultlib.modulator_pkg
Compiling package ieee.std_logic_textio
Compiling architecture rtl of entity xil_defaultlib.frequency_trigger [frequency_trigger_default]
Compiling architecture rtl of entity xil_defaultlib.counter [\counter(cnt_value_g=255,depth_g...]
Compiling architecture rtl of entity xil_defaultlib.sine [sine_default]
Compiling architecture rtl of entity xil_defaultlib.pwm [pwm_default]
Compiling architecture rtl of entity xil_defaultlib.modulator [\modulator(design_setting_g=(255...]
Compiling architecture rtl of entity xil_defaultlib.modulator_wrapper
Built simulation snapshot modulator_wrapper_behav
