
*** Running vivado
    with args -log modulator_wrapper.vds -m64 -product Vivado -mode batch -messageDb vivado.pb -notrace -source modulator_wrapper.tcl



****** Vivado v2025.2 (64-bit)
  **** SW Build 6299465 on Fri Nov 14 19:35:11 GMT 2025
  **** IP Build 6300035 on Fri Nov 14 10:48:45 MST 2025
  **** SharedData Build 6298862 on Thu Nov 13 04:50:51 MST 2025
  **** Start of session at: Thu Feb 26 12:28:20 2026
    ** Copyright 1986-2022 Xilinx, Inc. All Rights Reserved.
    ** Copyright 2022-2025 Advanced Micro Devices, Inc. All Rights Reserved.

source modulator_wrapper.tcl -notrace
create_project: Time (s): cpu = 00:00:11 ; elapsed = 00:00:07 . Memory (MB): peak = 529.340 ; gain = 222.961
Command: read_checkpoint -auto_incremental -incremental {C:/Digital System Design/LabD/LabD.srcs/utils_1/imports/synth_1/modulator_wrapper.dcp}
INFO: [Vivado 12-5825] Read reference checkpoint from C:/Digital System Design/LabD/LabD.srcs/utils_1/imports/synth_1/modulator_wrapper.dcp for incremental synthesis
INFO: [Vivado 12-7989] Please ensure there are no constraint changes
Command: synth_design -top modulator_wrapper -part xc7a35tcpg236-1
Starting synth_design
Attempting to get a license for feature 'Synthesis' and/or device 'xc7a35t'
INFO: [Common 17-349] Got license for feature 'Synthesis' and/or device 'xc7a35t'
INFO: [Device 21-403] Loading part xc7a35tcpg236-1
INFO: [Designutils 20-5440] No compile time benefit to using incremental synthesis; A full resynthesis will be run
INFO: [Designutils 20-4379] Flow is switching to default flow due to incremental criteria not met. If you would like to alter this behaviour and have the flow terminate instead, please set the following parameter config_implementation {autoIncr.Synth.RejectBehavior Terminate}
INFO: [Synth 8-7079] Multithreading enabled for synth_design using a maximum of 2 processes.
INFO: [Synth 8-7078] Launching helper process for spawning children vivado processes
INFO: [Synth 8-7075] Helper process launched with PID 2428
---------------------------------------------------------------------------------
Starting RTL Elaboration : Time (s): cpu = 00:00:07 ; elapsed = 00:00:07 . Memory (MB): peak = 1273.652 ; gain = 542.062
---------------------------------------------------------------------------------
WARNING: [Synth 8-9112] actual for formal port 'div_factor_freqhigh' is neither a static name nor a globally static expression [C:/Users/shipr/Downloads/tutorial code/modulator_rtl.vhd:66]
WARNING: [Synth 8-9112] actual for formal port 'div_factor_freqlow' is neither a static name nor a globally static expression [C:/Users/shipr/Downloads/tutorial code/modulator_rtl.vhd:67]
INFO: [Synth 8-638] synthesizing module 'modulator_wrapper' [C:/Users/shipr/Downloads/tutorial code/modulator_wrapper_rtl.vhd:32]
INFO: [Synth 8-638] synthesizing module 'modulator' [C:/Users/shipr/Downloads/tutorial code/modulator_rtl.vhd:22]
	Parameter design_setting_g[cntampl_value] bound to: 32'sb00000000000000000000000011111111 
	Parameter design_setting_g[f_low] bound to: 1.000000e+00 - type: double 
	Parameter design_setting_g[f_high] bound to: 3.500000e+00 - type: double 
	Parameter design_setting_g[depth] bound to: 7'b0001000 
	Parameter design_setting_g[width] bound to: 7'b0001100 
INFO: [Synth 8-638] synthesizing module 'frequency_trigger' [C:/Users/shipr/Downloads/tutorial code/frequency_trigger_rtl.vhd:33]
INFO: [Synth 8-256] done synthesizing module 'frequency_trigger' (0#1) [C:/Users/shipr/Downloads/tutorial code/frequency_trigger_rtl.vhd:33]
INFO: [Synth 8-638] synthesizing module 'counter' [C:/Users/shipr/Downloads/tutorial code/counter_rtl.vhd:16]
	Parameter cnt_value_g bound to: 255 - type: integer 
	Parameter depth_g bound to: 8 - type: integer 
INFO: [Synth 8-256] done synthesizing module 'counter' (0#1) [C:/Users/shipr/Downloads/tutorial code/counter_rtl.vhd:16]
INFO: [Synth 8-638] synthesizing module 'sine' [C:/Users/shipr/Downloads/tutorial code/digital_sine_rtl.vhd:18]
	Parameter depth_g bound to: 8 - type: integer 
	Parameter width_g bound to: 12 - type: integer 
INFO: [Synth 8-256] done synthesizing module 'sine' (0#1) [C:/Users/shipr/Downloads/tutorial code/digital_sine_rtl.vhd:18]
INFO: [Synth 8-638] synthesizing module 'pwm' [C:/Users/shipr/Downloads/tutorial code/pwm_rtl.vhd:20]
	Parameter width_g bound to: 12 - type: integer 
INFO: [Synth 8-256] done synthesizing module 'pwm' (0#1) [C:/Users/shipr/Downloads/tutorial code/pwm_rtl.vhd:20]
INFO: [Synth 8-256] done synthesizing module 'modulator' (0#1) [C:/Users/shipr/Downloads/tutorial code/modulator_rtl.vhd:22]
INFO: [Synth 8-256] done synthesizing module 'modulator_wrapper' (0#1) [C:/Users/shipr/Downloads/tutorial code/modulator_wrapper_rtl.vhd:32]
WARNING: [Synth 8-7129] Port clk_n in module modulator_wrapper is either unconnected or has no load
---------------------------------------------------------------------------------
Finished RTL Elaboration : Time (s): cpu = 00:00:09 ; elapsed = 00:00:10 . Memory (MB): peak = 1393.387 ; gain = 661.797
---------------------------------------------------------------------------------
---------------------------------------------------------------------------------
Start Handling Custom Attributes
---------------------------------------------------------------------------------
---------------------------------------------------------------------------------
Finished Handling Custom Attributes : Time (s): cpu = 00:00:09 ; elapsed = 00:00:10 . Memory (MB): peak = 1393.387 ; gain = 661.797
---------------------------------------------------------------------------------
---------------------------------------------------------------------------------
Finished RTL Optimization Phase 1 : Time (s): cpu = 00:00:09 ; elapsed = 00:00:10 . Memory (MB): peak = 1393.387 ; gain = 661.797
---------------------------------------------------------------------------------
Netlist sorting complete. Time (s): cpu = 00:00:00 ; elapsed = 00:00:00.006 . Memory (MB): peak = 1393.387 ; gain = 0.000
INFO: [Project 1-570] Preparing netlist for logic optimization

Processing XDC Constraints
Initializing timing engine
Parsing XDC File [C:/Digital System Design/LabD/LabD.srcs/constrs_1/new/modulator.xdc]
Finished Parsing XDC File [C:/Digital System Design/LabD/LabD.srcs/constrs_1/new/modulator.xdc]
Completed Processing XDC Constraints

Netlist sorting complete. Time (s): cpu = 00:00:00 ; elapsed = 00:00:00 . Memory (MB): peak = 1466.426 ; gain = 0.000
INFO: [Project 1-111] Unisim Transformation Summary:
No Unisim elements were transformed.

Constraint Validation Runtime : Time (s): cpu = 00:00:00 ; elapsed = 00:00:00.008 . Memory (MB): peak = 1466.426 ; gain = 0.000
INFO: [Designutils 20-5440] No compile time benefit to using incremental synthesis; A full resynthesis will be run
INFO: [Designutils 20-4379] Flow is switching to default flow due to incremental criteria not met. If you would like to alter this behaviour and have the flow terminate instead, please set the following parameter config_implementation {autoIncr.Synth.RejectBehavior Terminate}
---------------------------------------------------------------------------------
Finished Constraint Validation : Time (s): cpu = 00:00:19 ; elapsed = 00:00:20 . Memory (MB): peak = 1466.426 ; gain = 734.836
---------------------------------------------------------------------------------
---------------------------------------------------------------------------------
Start Loading Part and Timing Information
---------------------------------------------------------------------------------
Loading part: xc7a35tcpg236-1
---------------------------------------------------------------------------------
Finished Loading Part and Timing Information : Time (s): cpu = 00:00:19 ; elapsed = 00:00:20 . Memory (MB): peak = 1466.426 ; gain = 734.836
---------------------------------------------------------------------------------
---------------------------------------------------------------------------------
Start Applying 'set_property' XDC Constraints
---------------------------------------------------------------------------------
---------------------------------------------------------------------------------
Finished applying 'set_property' XDC Constraints : Time (s): cpu = 00:00:19 ; elapsed = 00:00:20 . Memory (MB): peak = 1466.426 ; gain = 734.836
---------------------------------------------------------------------------------
WARNING: [Synth 8-6040] Register ampl_cnt_s_reg driving address of a ROM cannot be packed in BRAM/URAM because of presence of initial value.
INFO: [Synth 8-802] inferred FSM for state register 'state_reg' in module 'pwm'
---------------------------------------------------------------------------------------------------
                   State |                     New Encoding |                Previous Encoding 
---------------------------------------------------------------------------------------------------
*
           load_new_ampl |                               00 |                               00
                pwm_high |                               01 |                               01
                 pwm_low |                               10 |                               10
---------------------------------------------------------------------------------------------------
INFO: [Synth 8-3354] encoded FSM with state register 'state_reg' using encoding 'sequential' in module 'pwm'
---------------------------------------------------------------------------------
Finished RTL Optimization Phase 2 : Time (s): cpu = 00:00:19 ; elapsed = 00:00:21 . Memory (MB): peak = 1466.426 ; gain = 734.836
---------------------------------------------------------------------------------
---------------------------------------------------------------------------------
Start RTL Component Statistics 
---------------------------------------------------------------------------------
Detailed RTL Component Info : 
+---Adders : 
	   2 Input   32 Bit       Adders := 4     
	   2 Input   12 Bit       Adders := 1     
	   2 Input    8 Bit       Adders := 1     
+---Registers : 
	               12 Bit    Registers := 3     
	                8 Bit    Registers := 2     
	                1 Bit    Registers := 2     
+---ROMs : 
	                    ROMs := 1     
+---Muxes : 
	   4 Input   12 Bit        Muxes := 1     
	   4 Input    2 Bit        Muxes := 1     
	   2 Input    2 Bit        Muxes := 4     
	   2 Input    1 Bit        Muxes := 8     
	   4 Input    1 Bit        Muxes := 2     
---------------------------------------------------------------------------------
Finished RTL Component Statistics 
---------------------------------------------------------------------------------
---------------------------------------------------------------------------------
Start Part Resource Summary
---------------------------------------------------------------------------------
Part Resources:
DSPs: 90 (col length:60)
BRAMs: 100 (col length: RAMB18 60 RAMB36 30)
---------------------------------------------------------------------------------
Finished Part Resource Summary
---------------------------------------------------------------------------------
---------------------------------------------------------------------------------
Start Cross Boundary and Area Optimization
---------------------------------------------------------------------------------
WARNING: [Synth 8-6040] Register pwmmodulator/sine/ampl_cnt_s_reg driving address of a ROM cannot be packed in BRAM/URAM because of presence of initial value.
WARNING: [Synth 8-7129] Port clk_n in module modulator_wrapper is either unconnected or has no load
---------------------------------------------------------------------------------
Finished Cross Boundary and Area Optimization : Time (s): cpu = 00:00:22 ; elapsed = 00:00:24 . Memory (MB): peak = 1466.426 ; gain = 734.836
---------------------------------------------------------------------------------
---------------------------------------------------------------------------------
Start ROM, RAM, DSP, Shift Register and Retiming Reporting
---------------------------------------------------------------------------------

ROM: Preliminary Mapping Report
+------------------+------------------------------+---------------+----------------+
|Module Name       | RTL Object                   | Depth x Width | Implemented As | 
+------------------+------------------------------+---------------+----------------+
|modulator_wrapper | pwmmodulator/sine/sine_s_reg | 256x12        | Block RAM      | 
+------------------+------------------------------+---------------+----------------+

---------------------------------------------------------------------------------
Finished ROM, RAM, DSP, Shift Register and Retiming Reporting
---------------------------------------------------------------------------------
---------------------------------------------------------------------------------
Start Applying XDC Timing Constraints
---------------------------------------------------------------------------------
---------------------------------------------------------------------------------
Finished Applying XDC Timing Constraints : Time (s): cpu = 00:00:28 ; elapsed = 00:00:31 . Memory (MB): peak = 1583.621 ; gain = 852.031
---------------------------------------------------------------------------------
---------------------------------------------------------------------------------
Start Timing Optimization
---------------------------------------------------------------------------------
---------------------------------------------------------------------------------
Finished Timing Optimization : Time (s): cpu = 00:00:29 ; elapsed = 00:00:31 . Memory (MB): peak = 1614.020 ; gain = 882.430
---------------------------------------------------------------------------------
---------------------------------------------------------------------------------
Start Technology Mapping
---------------------------------------------------------------------------------
INFO: [Synth 8-7052] The timing for the instance pwmmodulator/sine/sine_s_reg (implemented as a Block RAM) might be sub-optimal as no optional output register could be merged into the ram block. Providing additional output register may help in improving timing.
---------------------------------------------------------------------------------
Finished Technology Mapping : Time (s): cpu = 00:00:29 ; elapsed = 00:00:31 . Memory (MB): peak = 1614.594 ; gain = 883.004
---------------------------------------------------------------------------------
---------------------------------------------------------------------------------
Start IO Insertion
---------------------------------------------------------------------------------
---------------------------------------------------------------------------------
Start Flattening Before IO Insertion
---------------------------------------------------------------------------------
---------------------------------------------------------------------------------
Finished Flattening Before IO Insertion
---------------------------------------------------------------------------------
---------------------------------------------------------------------------------
Start Final Netlist Cleanup
---------------------------------------------------------------------------------
---------------------------------------------------------------------------------
Finished Final Netlist Cleanup
---------------------------------------------------------------------------------
---------------------------------------------------------------------------------
Finished IO Insertion : Time (s): cpu = 00:00:34 ; elapsed = 00:00:36 . Memory (MB): peak = 1844.164 ; gain = 1112.574
---------------------------------------------------------------------------------
---------------------------------------------------------------------------------
Start Renaming Generated Instances
---------------------------------------------------------------------------------
---------------------------------------------------------------------------------
Finished Renaming Generated Instances : Time (s): cpu = 00:00:34 ; elapsed = 00:00:36 . Memory (MB): peak = 1844.164 ; gain = 1112.574
---------------------------------------------------------------------------------
---------------------------------------------------------------------------------
Start Rebuilding User Hierarchy
---------------------------------------------------------------------------------
---------------------------------------------------------------------------------
Finished Rebuilding User Hierarchy : Time (s): cpu = 00:00:34 ; elapsed = 00:00:36 . Memory (MB): peak = 1844.164 ; gain = 1112.574
---------------------------------------------------------------------------------
---------------------------------------------------------------------------------
Start Renaming Generated Ports
---------------------------------------------------------------------------------
---------------------------------------------------------------------------------
Finished Renaming Generated Ports : Time (s): cpu = 00:00:34 ; elapsed = 00:00:36 . Memory (MB): peak = 1844.164 ; gain = 1112.574
---------------------------------------------------------------------------------
---------------------------------------------------------------------------------
Start Handling Custom Attributes
---------------------------------------------------------------------------------
---------------------------------------------------------------------------------
Finished Handling Custom Attributes : Time (s): cpu = 00:00:34 ; elapsed = 00:00:37 . Memory (MB): peak = 1845.117 ; gain = 1113.527
---------------------------------------------------------------------------------
---------------------------------------------------------------------------------
Start Renaming Generated Nets
---------------------------------------------------------------------------------
---------------------------------------------------------------------------------
Finished Renaming Generated Nets : Time (s): cpu = 00:00:34 ; elapsed = 00:00:37 . Memory (MB): peak = 1845.117 ; gain = 1113.527
---------------------------------------------------------------------------------
---------------------------------------------------------------------------------
Start Writing Synthesis Report
---------------------------------------------------------------------------------

Report BlackBoxes: 
+-+--------------+----------+
| |BlackBox name |Instances |
+-+--------------+----------+
+-+--------------+----------+

Report Cell Usage: 
+------+---------+------+
|      |Cell     |Count |
+------+---------+------+
|1     |BUFG     |     1|
|2     |CARRY4   |    42|
|3     |LUT1     |     6|
|4     |LUT2     |   122|
|5     |LUT3     |     7|
|6     |LUT4     |    21|
|7     |LUT5     |     2|
|8     |LUT6     |    13|
|9     |RAMB18E1 |     1|
|10    |FDRE     |   108|
|11    |IBUF     |     2|
|12    |OBUF     |     1|
+------+---------+------+
---------------------------------------------------------------------------------
Finished Writing Synthesis Report : Time (s): cpu = 00:00:34 ; elapsed = 00:00:37 . Memory (MB): peak = 1845.117 ; gain = 1113.527
---------------------------------------------------------------------------------
Synthesis finished with 0 errors, 0 critical warnings and 3 warnings.
Synthesis Optimization Runtime : Time (s): cpu = 00:00:23 ; elapsed = 00:00:34 . Memory (MB): peak = 1845.117 ; gain = 1040.488
Synthesis Optimization Complete : Time (s): cpu = 00:00:34 ; elapsed = 00:00:37 . Memory (MB): peak = 1845.117 ; gain = 1113.527
INFO: [Project 1-571] Translating synthesized netlist
Netlist sorting complete. Time (s): cpu = 00:00:00 ; elapsed = 00:00:00.005 . Memory (MB): peak = 1854.395 ; gain = 0.000
INFO: [Netlist 29-17] Analyzing 43 Unisim elements for replacement
INFO: [Netlist 29-28] Unisim Transformation completed in 0 CPU seconds
INFO: [Project 1-570] Preparing netlist for logic optimization
INFO: [Opt 31-138] Pushed 0 inverter(s) to 0 load pin(s).
Netlist sorting complete. Time (s): cpu = 00:00:00 ; elapsed = 00:00:00 . Memory (MB): peak = 1858.047 ; gain = 0.000
INFO: [Project 1-111] Unisim Transformation Summary:
No Unisim elements were transformed.

Synth Design complete | Checksum: 5c9760af
INFO: [Common 17-83] Releasing license: Synthesis
35 Infos, 6 Warnings, 0 Critical Warnings and 0 Errors encountered.
synth_design completed successfully
synth_design: Time (s): cpu = 00:00:39 ; elapsed = 00:00:44 . Memory (MB): peak = 1858.047 ; gain = 1314.543
Write ShapeDB Complete: Time (s): cpu = 00:00:00 ; elapsed = 00:00:00.003 . Memory (MB): peak = 1858.047 ; gain = 0.000
INFO: [Common 17-1381] The checkpoint 'C:/Digital System Design/LabD/LabD.runs/synth_1/modulator_wrapper.dcp' has been generated.
INFO: [Vivado 12-24828] Executing command : report_utilization -file modulator_wrapper_utilization_synth.rpt -pb modulator_wrapper_utilization_synth.pb
INFO: [Common 17-206] Exiting Vivado at Thu Feb 26 12:29:16 2026...
