Copyright 1986-2022 Xilinx, Inc. All Rights Reserved. Copyright 2022-2025 Advanced Micro Devices, Inc. All Rights Reserved.
------------------------------------------------------------------------------------------------------------------------------------------------------------------------------------------------------------------------------------------------------------
| Tool Version : Vivado v.2025.2 (win64) Build 6299465 Fri Nov 14 19:35:11 GMT 2025
| Date         : Mon Mar  2 18:18:49 2026
| Host         : Shipra running 64-bit major release  (build 9200)
| Command      : report_timing_summary -max_paths 10 -routable_nets -report_unconstrained -file adder_subtractor_timing_summary_routed.rpt -pb adder_subtractor_timing_summary_routed.pb -rpx adder_subtractor_timing_summary_routed.rpx -warn_on_violation
| Design       : adder_subtractor
| Device       : 7a35t-cpg236
| Speed File   : -1  PRODUCTION 1.23 2018-06-13
| Design State : Routed
------------------------------------------------------------------------------------------------------------------------------------------------------------------------------------------------------------------------------------------------------------

Timing Summary Report

------------------------------------------------------------------------------------------------
| Timer Settings
| --------------
------------------------------------------------------------------------------------------------

  Enable Multi Corner Analysis               :  Yes
  Enable Pessimism Removal                   :  Yes
  Pessimism Removal Resolution               :  Nearest Common Node
  Enable Input Delay Default Clock           :  No
  Enable Preset / Clear Arcs                 :  No
  Disable Flight Delays                      :  No
  Ignore I/O Paths                           :  No
  Timing Early Launch at Borrowing Latches   :  No
  Borrow Time for Max Delay Exceptions       :  Yes
  Merge Timing Exceptions                    :  Yes
  Inter-SLR Compensation                     :  Conservative

  Corner  Analyze    Analyze    
  Name    Max Paths  Min Paths  
  ------  ---------  ---------  
  Slow    Yes        Yes        
  Fast    Yes        Yes        


------------------------------------------------------------------------------------------------
| Report Methodology
| ------------------
------------------------------------------------------------------------------------------------

No report available as report_methodology has not been run prior. Run report_methodology on the current design for the summary of methodology violations.



check_timing report

Table of Contents
-----------------
1. checking no_clock (0)
2. checking constant_clock (0)
3. checking pulse_width_clock (0)
4. checking unconstrained_internal_endpoints (0)
5. checking no_input_delay (0)
6. checking no_output_delay (0)
7. checking multiple_clock (0)
8. checking generated_clocks (0)
9. checking loops (0)
10. checking partial_input_delay (0)
11. checking partial_output_delay (0)
12. checking latch_loops (0)

1. checking no_clock (0)
------------------------
 There are 0 register/latch pins with no clock.


2. checking constant_clock (0)
------------------------------
 There are 0 register/latch pins with constant_clock.


3. checking pulse_width_clock (0)
---------------------------------
 There are 0 register/latch pins which need pulse_width check


4. checking unconstrained_internal_endpoints (0)
------------------------------------------------
 There are 0 pins that are not constrained for maximum delay.

 There are 0 pins that are not constrained for maximum delay due to constant clock.


5. checking no_input_delay (0)
------------------------------
 There are 0 input ports with no input delay specified.

 There are 0 input ports with no input delay but user has a false path constraint.


6. checking no_output_delay (0)
-------------------------------
 There are 0 ports with no output delay specified.

 There are 0 ports with no output delay but user has a false path constraint

 There are 0 ports with no output delay but with a timing clock defined on it or propagating through it


7. checking multiple_clock (0)
------------------------------
 There are 0 register/latch pins with multiple clocks.


8. checking generated_clocks (0)
--------------------------------
 There are 0 generated clocks that are not connected to a clock source.


9. checking loops (0)
---------------------
 There are 0 combinational loops in the design.


10. checking partial_input_delay (0)
------------------------------------
 There are 0 input ports with partial input delay specified.


11. checking partial_output_delay (0)
-------------------------------------
 There are 0 ports with partial output delay specified.


12. checking latch_loops (0)
----------------------------
 There are 0 combinational latch loops in the design through latch input



------------------------------------------------------------------------------------------------
| Design Timing Summary
| ---------------------
------------------------------------------------------------------------------------------------

    WNS(ns)      TNS(ns)  TNS Failing Endpoints  TNS Total Endpoints      WHS(ns)      THS(ns)  THS Failing Endpoints  THS Total Endpoints     WPWS(ns)     TPWS(ns)  TPWS Failing Endpoints  TPWS Total Endpoints  
    -------      -------  ---------------------  -------------------      -------      -------  ---------------------  -------------------     --------     --------  ----------------------  --------------------  
        inf        0.000                      0                    6          inf        0.000                      0                    6           NA           NA                      NA                    NA  


There are no user specified timing constraints.


------------------------------------------------------------------------------------------------
| Clock Summary
| -------------
------------------------------------------------------------------------------------------------


------------------------------------------------------------------------------------------------
| Intra Clock Table
| -----------------
------------------------------------------------------------------------------------------------

Clock             WNS(ns)      TNS(ns)  TNS Failing Endpoints  TNS Total Endpoints      WHS(ns)      THS(ns)  THS Failing Endpoints  THS Total Endpoints     WPWS(ns)     TPWS(ns)  TPWS Failing Endpoints  TPWS Total Endpoints  
-----             -------      -------  ---------------------  -------------------      -------      -------  ---------------------  -------------------     --------     --------  ----------------------  --------------------  


------------------------------------------------------------------------------------------------
| Inter Clock Table
| -----------------
------------------------------------------------------------------------------------------------

From Clock    To Clock          WNS(ns)      TNS(ns)  TNS Failing Endpoints  TNS Total Endpoints      WHS(ns)      THS(ns)  THS Failing Endpoints  THS Total Endpoints  
----------    --------          -------      -------  ---------------------  -------------------      -------      -------  ---------------------  -------------------  


------------------------------------------------------------------------------------------------
| Other Path Groups Table
| -----------------------
------------------------------------------------------------------------------------------------

Path Group    From Clock    To Clock          WNS(ns)      TNS(ns)  TNS Failing Endpoints  TNS Total Endpoints      WHS(ns)      THS(ns)  THS Failing Endpoints  THS Total Endpoints  
----------    ----------    --------          -------      -------  ---------------------  -------------------      -------      -------  ---------------------  -------------------  


------------------------------------------------------------------------------------------------
| User Ignored Path Table
| -----------------------
------------------------------------------------------------------------------------------------

Path Group    From Clock    To Clock    
----------    ----------    --------    


------------------------------------------------------------------------------------------------
| Unconstrained Path Table
| ------------------------
------------------------------------------------------------------------------------------------

Path Group    From Clock    To Clock    
----------    ----------    --------    
(none)                                    


------------------------------------------------------------------------------------------------
| Timing Details
| --------------
------------------------------------------------------------------------------------------------


--------------------------------------------------------------------------------------
Path Group:  (none)
From Clock:  
  To Clock:  

Max Delay             6 Endpoints
Min Delay             6 Endpoints
--------------------------------------------------------------------------------------


Max Delay Paths
--------------------------------------------------------------------------------------
Slack:                    inf
  Source:                 sub
                            (input port)
  Destination:            sum[1]
                            (output port)
  Path Group:             (none)
  Path Type:              Max at Slow Process Corner
  Data Path Delay:        12.179ns  (logic 5.336ns (43.816%)  route 6.843ns (56.184%))
  Logic Levels:           3  (IBUF=1 LUT5=1 OBUF=1)

    Location             Delay type                Incr(ns)  Path(ns)    Netlist Resource(s)
  -------------------------------------------------------------------    -------------------
    V2                                                0.000     0.000 r  sub (IN)
                         net (fo=0)                   0.000     0.000    sub
    V2                   IBUF (Prop_ibuf_I_O)         1.454     1.454 r  sub_IBUF_inst/O
                         net (fo=6, routed)           4.083     5.538    sub_IBUF
    SLICE_X0Y10          LUT5 (Prop_lut5_I3_O)        0.150     5.688 r  sum_OBUF[1]_inst_i_1/O
                         net (fo=1, routed)           2.759     8.447    sum_OBUF[1]
    E19                  OBUF (Prop_obuf_I_O)         3.732    12.179 r  sum_OBUF[1]_inst/O
                         net (fo=0)                   0.000    12.179    sum[1]
    E19                                                               r  sum[1] (OUT)
  -------------------------------------------------------------------    -------------------

Slack:                    inf
  Source:                 sub
                            (input port)
  Destination:            sum[3]
                            (output port)
  Path Group:             (none)
  Path Type:              Max at Slow Process Corner
  Data Path Delay:        12.062ns  (logic 5.212ns (43.205%)  route 6.851ns (56.795%))
  Logic Levels:           4  (IBUF=1 LUT5=1 LUT6=1 OBUF=1)

    Location             Delay type                Incr(ns)  Path(ns)    Netlist Resource(s)
  -------------------------------------------------------------------    -------------------
    V2                                                0.000     0.000 r  sub (IN)
                         net (fo=0)                   0.000     0.000    sub
    V2                   IBUF (Prop_ibuf_I_O)         1.454     1.454 r  sub_IBUF_inst/O
                         net (fo=6, routed)           4.083     5.538    sub_IBUF
    SLICE_X0Y10          LUT5 (Prop_lut5_I2_O)        0.124     5.662 r  sum_OBUF[3]_inst_i_2/O
                         net (fo=4, routed)           0.701     6.363    c1
    SLICE_X0Y10          LUT6 (Prop_lut6_I4_O)        0.124     6.487 r  sum_OBUF[3]_inst_i_1/O
                         net (fo=1, routed)           2.066     8.553    sum_OBUF[3]
    V19                  OBUF (Prop_obuf_I_O)         3.509    12.062 r  sum_OBUF[3]_inst/O
                         net (fo=0)                   0.000    12.062    sum[3]
    V19                                                               r  sum[3] (OUT)
  -------------------------------------------------------------------    -------------------

Slack:                    inf
  Source:                 sub
                            (input port)
  Destination:            ovfl
                            (output port)
  Path Group:             (none)
  Path Type:              Max at Slow Process Corner
  Data Path Delay:        11.872ns  (logic 5.217ns (43.942%)  route 6.655ns (56.058%))
  Logic Levels:           4  (IBUF=1 LUT5=1 LUT6=1 OBUF=1)

    Location             Delay type                Incr(ns)  Path(ns)    Netlist Resource(s)
  -------------------------------------------------------------------    -------------------
    V2                                                0.000     0.000 r  sub (IN)
                         net (fo=0)                   0.000     0.000    sub
    V2                   IBUF (Prop_ibuf_I_O)         1.454     1.454 r  sub_IBUF_inst/O
                         net (fo=6, routed)           4.083     5.538    sub_IBUF
    SLICE_X0Y10          LUT5 (Prop_lut5_I2_O)        0.124     5.662 r  sum_OBUF[3]_inst_i_2/O
                         net (fo=4, routed)           0.700     6.362    c1
    SLICE_X0Y10          LUT6 (Prop_lut6_I3_O)        0.124     6.486 r  ovfl_OBUF_inst_i_1/O
                         net (fo=1, routed)           1.872     8.358    ovfl_OBUF
    U15                  OBUF (Prop_obuf_I_O)         3.514    11.872 r  ovfl_OBUF_inst/O
                         net (fo=0)                   0.000    11.872    ovfl
    U15                                                               r  ovfl (OUT)
  -------------------------------------------------------------------    -------------------

Slack:                    inf
  Source:                 sub
                            (input port)
  Destination:            sum[2]
                            (output port)
  Path Group:             (none)
  Path Type:              Max at Slow Process Corner
  Data Path Delay:        11.715ns  (logic 5.203ns (44.417%)  route 6.512ns (55.583%))
  Logic Levels:           4  (IBUF=1 LUT4=1 LUT5=1 OBUF=1)

    Location             Delay type                Incr(ns)  Path(ns)    Netlist Resource(s)
  -------------------------------------------------------------------    -------------------
    V2                                                0.000     0.000 r  sub (IN)
                         net (fo=0)                   0.000     0.000    sub
    V2                   IBUF (Prop_ibuf_I_O)         1.454     1.454 r  sub_IBUF_inst/O
                         net (fo=6, routed)           4.083     5.538    sub_IBUF
    SLICE_X0Y10          LUT5 (Prop_lut5_I2_O)        0.124     5.662 r  sum_OBUF[3]_inst_i_2/O
                         net (fo=4, routed)           0.523     6.185    c1
    SLICE_X1Y10          LUT4 (Prop_lut4_I3_O)        0.124     6.309 r  sum_OBUF[2]_inst_i_1/O
                         net (fo=1, routed)           1.905     8.214    sum_OBUF[2]
    U19                  OBUF (Prop_obuf_I_O)         3.501    11.715 r  sum_OBUF[2]_inst/O
                         net (fo=0)                   0.000    11.715    sum[2]
    U19                                                               r  sum[2] (OUT)
  -------------------------------------------------------------------    -------------------

Slack:                    inf
  Source:                 sub
                            (input port)
  Destination:            cout
                            (output port)
  Path Group:             (none)
  Path Type:              Max at Slow Process Corner
  Data Path Delay:        11.471ns  (logic 5.211ns (45.428%)  route 6.260ns (54.572%))
  Logic Levels:           4  (IBUF=1 LUT5=1 LUT6=1 OBUF=1)

    Location             Delay type                Incr(ns)  Path(ns)    Netlist Resource(s)
  -------------------------------------------------------------------    -------------------
    V2                                                0.000     0.000 r  sub (IN)
                         net (fo=0)                   0.000     0.000    sub
    V2                   IBUF (Prop_ibuf_I_O)         1.454     1.454 r  sub_IBUF_inst/O
                         net (fo=6, routed)           4.083     5.538    sub_IBUF
    SLICE_X0Y10          LUT5 (Prop_lut5_I2_O)        0.124     5.662 r  sum_OBUF[3]_inst_i_2/O
                         net (fo=4, routed)           0.310     5.972    c1
    SLICE_X0Y10          LUT6 (Prop_lut6_I2_O)        0.124     6.096 r  cout_OBUF_inst_i_1/O
                         net (fo=1, routed)           1.867     7.963    cout_OBUF
    W18                  OBUF (Prop_obuf_I_O)         3.509    11.471 r  cout_OBUF_inst/O
                         net (fo=0)                   0.000    11.471    cout
    W18                                                               r  cout (OUT)
  -------------------------------------------------------------------    -------------------

Slack:                    inf
  Source:                 a[0]
                            (input port)
  Destination:            sum[0]
                            (output port)
  Path Group:             (none)
  Path Type:              Max at Slow Process Corner
  Data Path Delay:        8.452ns  (logic 5.082ns (60.122%)  route 3.371ns (39.878%))
  Logic Levels:           3  (IBUF=1 LUT2=1 OBUF=1)

    Location             Delay type                Incr(ns)  Path(ns)    Netlist Resource(s)
  -------------------------------------------------------------------    -------------------
    V17                                               0.000     0.000 r  a[0] (IN)
                         net (fo=0)                   0.000     0.000    a[0]
    V17                  IBUF (Prop_ibuf_I_O)         1.453     1.453 r  a_IBUF[0]_inst/O
                         net (fo=3, routed)           1.505     2.958    a_IBUF[0]
    SLICE_X0Y7           LUT2 (Prop_lut2_I1_O)        0.124     3.082 r  sum_OBUF[0]_inst_i_1/O
                         net (fo=1, routed)           1.865     4.947    sum_OBUF[0]
    U16                  OBUF (Prop_obuf_I_O)         3.505     8.452 r  sum_OBUF[0]_inst/O
                         net (fo=0)                   0.000     8.452    sum[0]
    U16                                                               r  sum[0] (OUT)
  -------------------------------------------------------------------    -------------------





Min Delay Paths
--------------------------------------------------------------------------------------
Slack:                    inf
  Source:                 b[0]
                            (input port)
  Destination:            sum[0]
                            (output port)
  Path Group:             (none)
  Path Type:              Min at Fast Process Corner
  Data Path Delay:        2.223ns  (logic 1.470ns (66.109%)  route 0.753ns (33.891%))
  Logic Levels:           3  (IBUF=1 LUT2=1 OBUF=1)

    Location             Delay type                Incr(ns)  Path(ns)    Netlist Resource(s)
  -------------------------------------------------------------------    -------------------
    W15                                               0.000     0.000 r  b[0] (IN)
                         net (fo=0)                   0.000     0.000    b[0]
    W15                  IBUF (Prop_ibuf_I_O)         0.219     0.219 r  b_IBUF[0]_inst/O
                         net (fo=3, routed)           0.348     0.567    b_IBUF[0]
    SLICE_X0Y7           LUT2 (Prop_lut2_I0_O)        0.045     0.612 r  sum_OBUF[0]_inst_i_1/O
                         net (fo=1, routed)           0.405     1.017    sum_OBUF[0]
    U16                  OBUF (Prop_obuf_I_O)         1.206     2.223 r  sum_OBUF[0]_inst/O
                         net (fo=0)                   0.000     2.223    sum[0]
    U16                                                               r  sum[0] (OUT)
  -------------------------------------------------------------------    -------------------

Slack:                    inf
  Source:                 a[2]
                            (input port)
  Destination:            sum[2]
                            (output port)
  Path Group:             (none)
  Path Type:              Min at Fast Process Corner
  Data Path Delay:        2.258ns  (logic 1.479ns (65.495%)  route 0.779ns (34.505%))
  Logic Levels:           3  (IBUF=1 LUT4=1 OBUF=1)

    Location             Delay type                Incr(ns)  Path(ns)    Netlist Resource(s)
  -------------------------------------------------------------------    -------------------
    W16                                               0.000     0.000 r  a[2] (IN)
                         net (fo=0)                   0.000     0.000    a[2]
    W16                  IBUF (Prop_ibuf_I_O)         0.232     0.232 r  a_IBUF[2]_inst/O
                         net (fo=4, routed)           0.345     0.577    a_IBUF[2]
    SLICE_X1Y10          LUT4 (Prop_lut4_I2_O)        0.045     0.622 r  sum_OBUF[2]_inst_i_1/O
                         net (fo=1, routed)           0.434     1.056    sum_OBUF[2]
    U19                  OBUF (Prop_obuf_I_O)         1.202     2.258 r  sum_OBUF[2]_inst/O
                         net (fo=0)                   0.000     2.258    sum[2]
    U19                                                               r  sum[2] (OUT)
  -------------------------------------------------------------------    -------------------

Slack:                    inf
  Source:                 a[2]
                            (input port)
  Destination:            cout
                            (output port)
  Path Group:             (none)
  Path Type:              Min at Fast Process Corner
  Data Path Delay:        2.332ns  (logic 1.486ns (63.734%)  route 0.846ns (36.266%))
  Logic Levels:           3  (IBUF=1 LUT6=1 OBUF=1)

    Location             Delay type                Incr(ns)  Path(ns)    Netlist Resource(s)
  -------------------------------------------------------------------    -------------------
    W16                                               0.000     0.000 r  a[2] (IN)
                         net (fo=0)                   0.000     0.000    a[2]
    W16                  IBUF (Prop_ibuf_I_O)         0.232     0.232 r  a_IBUF[2]_inst/O
                         net (fo=4, routed)           0.421     0.653    a_IBUF[2]
    SLICE_X0Y10          LUT6 (Prop_lut6_I1_O)        0.045     0.698 r  cout_OBUF_inst_i_1/O
                         net (fo=1, routed)           0.425     1.123    cout_OBUF
    W18                  OBUF (Prop_obuf_I_O)         1.210     2.332 r  cout_OBUF_inst/O
                         net (fo=0)                   0.000     2.332    cout
    W18                                                               r  cout (OUT)
  -------------------------------------------------------------------    -------------------

Slack:                    inf
  Source:                 a[2]
                            (input port)
  Destination:            ovfl
                            (output port)
  Path Group:             (none)
  Path Type:              Min at Fast Process Corner
  Data Path Delay:        2.390ns  (logic 1.492ns (62.441%)  route 0.898ns (37.559%))
  Logic Levels:           3  (IBUF=1 LUT6=1 OBUF=1)

    Location             Delay type                Incr(ns)  Path(ns)    Netlist Resource(s)
  -------------------------------------------------------------------    -------------------
    W16                                               0.000     0.000 r  a[2] (IN)
                         net (fo=0)                   0.000     0.000    a[2]
    W16                  IBUF (Prop_ibuf_I_O)         0.232     0.232 r  a_IBUF[2]_inst/O
                         net (fo=4, routed)           0.478     0.710    a_IBUF[2]
    SLICE_X0Y10          LUT6 (Prop_lut6_I2_O)        0.045     0.755 r  ovfl_OBUF_inst_i_1/O
                         net (fo=1, routed)           0.419     1.174    ovfl_OBUF
    U15                  OBUF (Prop_obuf_I_O)         1.216     2.390 r  ovfl_OBUF_inst/O
                         net (fo=0)                   0.000     2.390    ovfl
    U15                                                               r  ovfl (OUT)
  -------------------------------------------------------------------    -------------------

Slack:                    inf
  Source:                 b[2]
                            (input port)
  Destination:            sum[3]
                            (output port)
  Path Group:             (none)
  Path Type:              Min at Fast Process Corner
  Data Path Delay:        2.443ns  (logic 1.473ns (60.287%)  route 0.970ns (39.713%))
  Logic Levels:           3  (IBUF=1 LUT6=1 OBUF=1)

    Location             Delay type                Incr(ns)  Path(ns)    Netlist Resource(s)
  -------------------------------------------------------------------    -------------------
    W14                                               0.000     0.000 r  b[2] (IN)
                         net (fo=0)                   0.000     0.000    b[2]
    W14                  IBUF (Prop_ibuf_I_O)         0.218     0.218 r  b_IBUF[2]_inst/O
                         net (fo=4, routed)           0.469     0.687    b_IBUF[2]
    SLICE_X0Y10          LUT6 (Prop_lut6_I2_O)        0.045     0.732 r  sum_OBUF[3]_inst_i_1/O
                         net (fo=1, routed)           0.501     1.233    sum_OBUF[3]
    V19                  OBUF (Prop_obuf_I_O)         1.210     2.443 r  sum_OBUF[3]_inst/O
                         net (fo=0)                   0.000     2.443    sum[3]
    V19                                                               r  sum[3] (OUT)
  -------------------------------------------------------------------    -------------------

Slack:                    inf
  Source:                 a[0]
                            (input port)
  Destination:            sum[1]
                            (output port)
  Path Group:             (none)
  Path Type:              Min at Fast Process Corner
  Data Path Delay:        2.771ns  (logic 1.562ns (56.361%)  route 1.209ns (43.639%))
  Logic Levels:           3  (IBUF=1 LUT5=1 OBUF=1)

    Location             Delay type                Incr(ns)  Path(ns)    Netlist Resource(s)
  -------------------------------------------------------------------    -------------------
    V17                                               0.000     0.000 r  a[0] (IN)
                         net (fo=0)                   0.000     0.000    a[0]
    V17                  IBUF (Prop_ibuf_I_O)         0.221     0.221 r  a_IBUF[0]_inst/O
                         net (fo=3, routed)           0.399     0.620    a_IBUF[0]
    SLICE_X0Y10          LUT5 (Prop_lut5_I4_O)        0.048     0.668 r  sum_OBUF[1]_inst_i_1/O
                         net (fo=1, routed)           0.810     1.478    sum_OBUF[1]
    E19                  OBUF (Prop_obuf_I_O)         1.293     2.771 r  sum_OBUF[1]_inst/O
                         net (fo=0)                   0.000     2.771    sum[1]
    E19                                                               r  sum[1] (OUT)
  -------------------------------------------------------------------    -------------------





